// Vitest Snapshot v1, https://vitest.dev/guide/snapshot.html

exports[`buildDashboardDto (fixtures) > matches the snapshot of the client-facing contract 1`] = `
{
  "activeSprint": {
    "blockedWorkItems": 0,
    "completeDate": null,
    "completedWorkItems": 3,
    "elapsedPercent": 37,
    "endDate": "2026-10-12T09:00:00.000Z",
    "estimationCoverage": 100,
    "goal": null,
    "health": {
      "reasons": [],
      "status": "healthy",
    },
    "id": 1,
    "inProgressWorkItems": 1,
    "isMigrationSprint": false,
    "milestoneKeys": [
      "SCRUM-1",
      "SCRUM-2",
    ],
    "name": "SCRUM Sprint 0",
    "progress": 53,
    "progressMethod": "storyPoints",
    "progressRaw": 52.94117647058824,
    "roadmapPosition": null,
    "shortName": "SCRUM Sprint 0",
    "startDate": "2026-09-28T09:00:00.000Z",
    "state": "active",
    "storyPointsCommitted": 17,
    "storyPointsCompleted": 9,
    "storyPointsRemaining": 8,
    "todoWorkItems": 0,
    "totalWorkItems": 4,
    "unknownWorkItems": 0,
    "workItems": [
      {
        "assignee": "Alex Rivera",
        "blocked": false,
        "blockedBy": [],
        "blockers": [],
        "dueDate": null,
        "group": "done",
        "jiraUrl": null,
        "key": "SCRUM-10",
        "milestoneKey": "SCRUM-1",
        "milestoneLabel": "M1",
        "riskSeverity": null,
        "status": "Done",
        "statusCategory": "done",
        "storyPoints": 5,
        "summary": "Inventory Salesforce objects and record volumes",
        "type": "Story",
        "updatedAt": "2026-10-01T08:40:12.345Z",
      },
      {
        "assignee": "Sam Chen",
        "blocked": false,
        "blockedBy": [],
        "blockers": [],
        "dueDate": null,
        "group": "done",
        "jiraUrl": null,
        "key": "SCRUM-11",
        "milestoneKey": "SCRUM-1",
        "milestoneLabel": "M1",
        "riskSeverity": null,
        "status": "Done",
        "statusCategory": "done",
        "storyPoints": 3,
        "summary": "Document integration architecture",
        "type": "Story",
        "updatedAt": "2026-10-01T08:40:12.345Z",
      },
      {
        "assignee": "Former user",
        "blocked": false,
        "blockedBy": [],
        "blockers": [],
        "dueDate": "2026-10-10",
        "group": "in_progress",
        "jiraUrl": null,
        "key": "SCRUM-12",
        "milestoneKey": "SCRUM-2",
        "milestoneLabel": "M2",
        "riskSeverity": null,
        "status": "QA Review",
        "statusCategory": "in_progress",
        "storyPoints": 8,
        "summary": "Map Account fields to Zoho modules",
        "type": "Story",
        "updatedAt": "2026-10-01T08:40:12.345Z",
      },
      {
        "assignee": "Sam Chen",
        "blocked": false,
        "blockedBy": [],
        "blockers": [],
        "dueDate": null,
        "group": "done",
        "jiraUrl": null,
        "key": "SCRUM-15",
        "milestoneKey": null,
        "milestoneLabel": null,
        "riskSeverity": null,
        "status": "Done",
        "statusCategory": "done",
        "storyPoints": 1,
        "summary": "Configure Jira board and workflow",
        "type": "Task",
        "updatedAt": "2026-10-01T08:40:12.345Z",
      },
    ],
  },
  "activeSprints": [
    {
      "blockedWorkItems": 0,
      "completeDate": null,
      "completedWorkItems": 3,
      "elapsedPercent": 37,
      "endDate": "2026-10-12T09:00:00.000Z",
      "estimationCoverage": 100,
      "goal": null,
      "health": {
        "reasons": [],
        "status": "healthy",
      },
      "id": 1,
      "inProgressWorkItems": 1,
      "isMigrationSprint": false,
      "milestoneKeys": [
        "SCRUM-1",
        "SCRUM-2",
      ],
      "name": "SCRUM Sprint 0",
      "progress": 53,
      "progressMethod": "storyPoints",
      "progressRaw": 52.94117647058824,
      "roadmapPosition": null,
      "shortName": "SCRUM Sprint 0",
      "startDate": "2026-09-28T09:00:00.000Z",
      "state": "active",
      "storyPointsCommitted": 17,
      "storyPointsCompleted": 9,
      "storyPointsRemaining": 8,
      "todoWorkItems": 0,
      "totalWorkItems": 4,
      "unknownWorkItems": 0,
      "workItems": [
        {
          "assignee": "Alex Rivera",
          "blocked": false,
          "blockedBy": [],
          "blockers": [],
          "dueDate": null,
          "group": "done",
          "jiraUrl": null,
          "key": "SCRUM-10",
          "milestoneKey": "SCRUM-1",
          "milestoneLabel": "M1",
          "riskSeverity": null,
          "status": "Done",
          "statusCategory": "done",
          "storyPoints": 5,
          "summary": "Inventory Salesforce objects and record volumes",
          "type": "Story",
          "updatedAt": "2026-10-01T08:40:12.345Z",
        },
        {
          "assignee": "Sam Chen",
          "blocked": false,
          "blockedBy": [],
          "blockers": [],
          "dueDate": null,
          "group": "done",
          "jiraUrl": null,
          "key": "SCRUM-11",
          "milestoneKey": "SCRUM-1",
          "milestoneLabel": "M1",
          "riskSeverity": null,
          "status": "Done",
          "statusCategory": "done",
          "storyPoints": 3,
          "summary": "Document integration architecture",
          "type": "Story",
          "updatedAt": "2026-10-01T08:40:12.345Z",
        },
        {
          "assignee": "Former user",
          "blocked": false,
          "blockedBy": [],
          "blockers": [],
          "dueDate": "2026-10-10",
          "group": "in_progress",
          "jiraUrl": null,
          "key": "SCRUM-12",
          "milestoneKey": "SCRUM-2",
          "milestoneLabel": "M2",
          "riskSeverity": null,
          "status": "QA Review",
          "statusCategory": "in_progress",
          "storyPoints": 8,
          "summary": "Map Account fields to Zoho modules",
          "type": "Story",
          "updatedAt": "2026-10-01T08:40:12.345Z",
        },
        {
          "assignee": "Sam Chen",
          "blocked": false,
          "blockedBy": [],
          "blockers": [],
          "dueDate": null,
          "group": "done",
          "jiraUrl": null,
          "key": "SCRUM-15",
          "milestoneKey": null,
          "milestoneLabel": null,
          "riskSeverity": null,
          "status": "Done",
          "statusCategory": "done",
          "storyPoints": 1,
          "summary": "Configure Jira board and workflow",
          "type": "Task",
          "updatedAt": "2026-10-01T08:40:12.345Z",
        },
      ],
    },
  ],
  "blockers": [
    {
      "blockedBy": [
        {
          "jiraUrl": null,
          "key": "SCRUM-20",
          "registerId": "I-01",
          "severity": "P0",
          "summary": "I-01 P0 - Tenant Metadata Absent",
          "title": "Tenant Metadata Absent",
        },
      ],
      "critical": true,
      "jiraUrl": null,
      "key": "SCRUM-16",
      "milestoneKey": "SCRUM-2",
      "milestoneLabel": "M2",
      "sprintName": "MIG S2 - Schema Mapping",
      "status": "To Do",
      "statusCategory": "todo",
      "summary": "Map Opportunity and Quote fields",
    },
  ],
  "board": {
    "id": 1,
    "name": "SCRUM board",
  },
  "charts": {
    "milestoneProgress": [
      {
        "health": "complete",
        "key": "SCRUM-1",
        "milestone": "M1",
        "name": "Discovery, Metadata & Architecture",
        "progress": 100,
        "progressMethod": "storyPoints",
      },
      {
        "health": "blocked",
        "key": "SCRUM-2",
        "milestone": "M2",
        "name": "Zoho Schema, Modules & Field Mapping",
        "progress": 0,
        "progressMethod": "workItems",
      },
      {
        "health": "healthy",
        "key": "SCRUM-3",
        "milestone": "M3",
        "name": "Data Migration Development & Automation",
        "progress": 0,
        "progressMethod": "workItems",
      },
    ],
    "riskDistribution": [
      {
        "open": 1,
        "resolved": 0,
        "severity": "P0",
      },
      {
        "open": 1,
        "resolved": 0,
        "severity": "P1",
      },
    ],
    "sprintProgress": [
      {
        "completedWorkItems": 0,
        "health": "future",
        "progress": 0,
        "progressMethod": "workItems",
        "roadmapPosition": 1,
        "shortName": "Discovery",
        "sprint": "MIG S1 - Discovery",
        "sprintId": "2",
        "state": "future",
        "totalWorkItems": 0,
      },
      {
        "completedWorkItems": 0,
        "health": "future",
        "progress": 0,
        "progressMethod": "workItems",
        "roadmapPosition": 2,
        "shortName": "Schema Mapping",
        "sprint": "MIG S2 - Schema Mapping",
        "sprintId": "3",
        "state": "future",
        "totalWorkItems": 2,
      },
      {
        "completedWorkItems": 0,
        "health": "future",
        "progress": 0,
        "progressMethod": "workItems",
        "roadmapPosition": 3,
        "shortName": "Loads Quotes I",
        "sprint": "MIG S3 - Loads Quotes I",
        "sprintId": "4",
        "state": "future",
        "totalWorkItems": 0,
      },
      {
        "completedWorkItems": 0,
        "health": "future",
        "progress": 0,
        "progressMethod": "workItems",
        "roadmapPosition": 4,
        "shortName": "Loads Quotes II",
        "sprint": "MIG S4 - Loads Quotes II",
        "sprintId": "5",
        "state": "future",
        "totalWorkItems": 0,
      },
      {
        "completedWorkItems": 0,
        "health": "future",
        "progress": 0,
        "progressMethod": "workItems",
        "roadmapPosition": 5,
        "shortName": "UI Finance",
        "sprint": "MIG S5 - UI Finance",
        "sprintId": "6",
        "state": "future",
        "totalWorkItems": 0,
      },
      {
        "completedWorkItems": 0,
        "health": "future",
        "progress": 0,
        "progressMethod": "workItems",
        "roadmapPosition": 6,
        "shortName": "Integrated QA",
        "sprint": "MIG S6 - Integrated QA",
        "sprintId": "7",
        "state": "future",
        "totalWorkItems": 0,
      },
      {
        "completedWorkItems": 0,
        "health": "future",
        "progress": 0,
        "progressMethod": "workItems",
        "roadmapPosition": 7,
        "shortName": "UAT Rehearsal",
        "sprint": "MIG S7 - UAT Rehearsal",
        "sprintId": "8",
        "state": "future",
        "totalWorkItems": 0,
      },
      {
        "completedWorkItems": 0,
        "health": "future",
        "progress": 0,
        "progressMethod": "workItems",
        "roadmapPosition": 8,
        "shortName": "Cutover",
        "sprint": "MIG S8 - Cutover",
        "sprintId": "9",
        "state": "future",
        "totalWorkItems": 0,
      },
    ],
    "statusDistribution": [
      {
        "count": 3,
        "key": "done",
        "status": "Done",
      },
      {
        "count": 1,
        "key": "in_progress",
        "status": "In Progress",
      },
      {
        "count": 2,
        "key": "todo",
        "status": "To Do",
      },
    ],
    "throughput": [],
    "velocity": {
      "available": false,
      "points": [],
    },
    "workload": [
      {
        "blockedWorkItems": 0,
        "displayName": "Alex Rivera",
        "inProgressWorkItems": 0,
        "key": "assignee-1",
        "openWorkItems": 1,
        "storyPointsOpen": null,
        "unassigned": false,
      },
      {
        "blockedWorkItems": 0,
        "displayName": "Former user",
        "inProgressWorkItems": 1,
        "key": "assignee-2",
        "openWorkItems": 1,
        "storyPointsOpen": 8,
        "unassigned": false,
      },
      {
        "blockedWorkItems": 1,
        "displayName": "Sam Chen",
        "inProgressWorkItems": 0,
        "key": "assignee-3",
        "openWorkItems": 1,
        "storyPointsOpen": 5,
        "unassigned": false,
      },
    ],
  },
  "migrationSprints": [
    {
      "blockedWorkItems": 0,
      "completeDate": null,
      "completedWorkItems": 0,
      "elapsedPercent": 0,
      "endDate": "2026-10-26T09:00:00.000Z",
      "estimationCoverage": null,
      "goal": "Confirm Salesforce metadata and target architecture",
      "health": {
        "reasons": [
          "Sprint has not started.",
        ],
        "status": "future",
      },
      "id": 2,
      "inProgressWorkItems": 0,
      "isMigrationSprint": true,
      "milestoneKeys": [],
      "name": "MIG S1 - Discovery",
      "progress": 0,
      "progressMethod": "workItems",
      "progressRaw": 0,
      "roadmapPosition": 1,
      "shortName": "Discovery",
      "startDate": "2026-10-12T09:00:00.000Z",
      "state": "future",
      "storyPointsCommitted": null,
      "storyPointsCompleted": null,
      "storyPointsRemaining": null,
      "todoWorkItems": 0,
      "totalWorkItems": 0,
      "unknownWorkItems": 0,
      "workItems": [],
    },
    {
      "blockedWorkItems": 1,
      "completeDate": null,
      "completedWorkItems": 0,
      "elapsedPercent": 0,
      "endDate": "2026-11-09T09:00:00.000Z",
      "estimationCoverage": 50,
      "goal": "Approve Zoho module and field mapping",
      "health": {
        "reasons": [
          "Sprint has not started.",
        ],
        "status": "future",
      },
      "id": 3,
      "inProgressWorkItems": 0,
      "isMigrationSprint": true,
      "milestoneKeys": [
        "SCRUM-2",
      ],
      "name": "MIG S2 - Schema Mapping",
      "progress": 0,
      "progressMethod": "workItems",
      "progressRaw": 0,
      "roadmapPosition": 2,
      "shortName": "Schema Mapping",
      "startDate": "2026-10-26T09:00:00.000Z",
      "state": "future",
      "storyPointsCommitted": 5,
      "storyPointsCompleted": 0,
      "storyPointsRemaining": 5,
      "todoWorkItems": 2,
      "totalWorkItems": 2,
      "unknownWorkItems": 0,
      "workItems": [
        {
          "assignee": "Sam Chen",
          "blocked": true,
          "blockedBy": [
            {
              "jiraUrl": null,
              "key": "SCRUM-20",
              "registerId": "I-01",
              "severity": "P0",
              "summary": "I-01 P0 - Tenant Metadata Absent",
              "title": "Tenant Metadata Absent",
            },
          ],
          "blockers": [
            "SCRUM-20",
          ],
          "dueDate": null,
          "group": "blocked",
          "jiraUrl": null,
          "key": "SCRUM-16",
          "milestoneKey": "SCRUM-2",
          "milestoneLabel": "M2",
          "riskSeverity": null,
          "status": "To Do",
          "statusCategory": "todo",
          "storyPoints": 5,
          "summary": "Map Opportunity and Quote fields",
          "type": "Story",
          "updatedAt": "2026-10-01T08:40:12.345Z",
        },
        {
          "assignee": "Alex Rivera",
          "blocked": false,
          "blockedBy": [],
          "blockers": [],
          "dueDate": null,
          "group": "todo",
          "jiraUrl": null,
          "key": "SCRUM-17",
          "milestoneKey": "SCRUM-2",
          "milestoneLabel": "M2",
          "riskSeverity": null,
          "status": "To Do",
          "statusCategory": "todo",
          "storyPoints": null,
          "summary": "Define Zoho custom module for Price Books",
          "type": "Story",
          "updatedAt": "2026-10-01T08:40:12.345Z",
        },
      ],
    },
    {
      "blockedWorkItems": 0,
      "completeDate": null,
      "completedWorkItems": 0,
      "elapsedPercent": null,
      "endDate": null,
      "estimationCoverage": null,
      "goal": null,
      "health": {
        "reasons": [
          "Sprint has not started.",
        ],
        "status": "future",
      },
      "id": 4,
      "inProgressWorkItems": 0,
      "isMigrationSprint": true,
      "milestoneKeys": [],
      "name": "MIG S3 - Loads Quotes I",
      "progress": 0,
      "progressMethod": "workItems",
      "progressRaw": 0,
      "roadmapPosition": 3,
      "shortName": "Loads Quotes I",
      "startDate": null,
      "state": "future",
      "storyPointsCommitted": null,
      "storyPointsCompleted": null,
      "storyPointsRemaining": null,
      "todoWorkItems": 0,
      "totalWorkItems": 0,
      "unknownWorkItems": 0,
      "workItems": [],
    },
    {
      "blockedWorkItems": 0,
      "completeDate": null,
      "completedWorkItems": 0,
      "elapsedPercent": null,
      "endDate": null,
      "estimationCoverage": null,
      "goal": null,
      "health": {
        "reasons": [
          "Sprint has not started.",
        ],
        "status": "future",
      },
      "id": 5,
      "inProgressWorkItems": 0,
      "isMigrationSprint": true,
      "milestoneKeys": [],
      "name": "MIG S4 - Loads Quotes II",
      "progress": 0,
      "progressMethod": "workItems",
      "progressRaw": 0,
      "roadmapPosition": 4,
      "shortName": "Loads Quotes II",
      "startDate": null,
      "state": "future",
      "storyPointsCommitted": null,
      "storyPointsCompleted": null,
      "storyPointsRemaining": null,
      "todoWorkItems": 0,
      "totalWorkItems": 0,
      "unknownWorkItems": 0,
      "workItems": [],
    },
    {
      "blockedWorkItems": 0,
      "completeDate": null,
      "completedWorkItems": 0,
      "elapsedPercent": null,
      "endDate": null,
      "estimationCoverage": null,
      "goal": null,
      "health": {
        "reasons": [
          "Sprint has not started.",
        ],
        "status": "future",
      },
      "id": 6,
      "inProgressWorkItems": 0,
      "isMigrationSprint": true,
      "milestoneKeys": [],
      "name": "MIG S5 - UI Finance",
      "progress": 0,
      "progressMethod": "workItems",
      "progressRaw": 0,
      "roadmapPosition": 5,
      "shortName": "UI Finance",
      "startDate": null,
      "state": "future",
      "storyPointsCommitted": null,
      "storyPointsCompleted": null,
      "storyPointsRemaining": null,
      "todoWorkItems": 0,
      "totalWorkItems": 0,
      "unknownWorkItems": 0,
      "workItems": [],
    },
    {
      "blockedWorkItems": 0,
      "completeDate": null,
      "completedWorkItems": 0,
      "elapsedPercent": null,
      "endDate": null,
      "estimationCoverage": null,
      "goal": null,
      "health": {
        "reasons": [
          "Sprint has not started.",
        ],
        "status": "future",
      },
      "id": 7,
      "inProgressWorkItems": 0,
      "isMigrationSprint": true,
      "milestoneKeys": [],
      "name": "MIG S6 - Integrated QA",
      "progress": 0,
      "progressMethod": "workItems",
      "progressRaw": 0,
      "roadmapPosition": 6,
      "shortName": "Integrated QA",
      "startDate": null,
      "state": "future",
      "storyPointsCommitted": null,
      "storyPointsCompleted": null,
      "storyPointsRemaining": null,
      "todoWorkItems": 0,
      "totalWorkItems": 0,
      "unknownWorkItems": 0,
      "workItems": [],
    },
    {
      "blockedWorkItems": 0,
      "completeDate": null,
      "completedWorkItems": 0,
      "elapsedPercent": null,
      "endDate": null,
      "estimationCoverage": null,
      "goal": null,
      "health": {
        "reasons": [
          "Sprint has not started.",
        ],
        "status": "future",
      },
      "id": 8,
      "inProgressWorkItems": 0,
      "isMigrationSprint": true,
      "milestoneKeys": [],
      "name": "MIG S7 - UAT Rehearsal",
      "progress": 0,
      "progressMethod": "workItems",
      "progressRaw": 0,
      "roadmapPosition": 7,
      "shortName": "UAT Rehearsal",
      "startDate": null,
      "state": "future",
      "storyPointsCommitted": null,
      "storyPointsCompleted": null,
      "storyPointsRemaining": null,
      "todoWorkItems": 0,
      "totalWorkItems": 0,
      "unknownWorkItems": 0,
      "workItems": [],
    },
    {
      "blockedWorkItems": 0,
      "completeDate": null,
      "completedWorkItems": 0,
      "elapsedPercent": null,
      "endDate": null,
      "estimationCoverage": null,
      "goal": null,
      "health": {
        "reasons": [
          "Sprint has not started.",
        ],
        "status": "future",
      },
      "id": 9,
      "inProgressWorkItems": 0,
      "isMigrationSprint": true,
      "milestoneKeys": [],
      "name": "MIG S8 - Cutover",
      "progress": 0,
      "progressMethod": "workItems",
      "progressRaw": 0,
      "roadmapPosition": 8,
      "shortName": "Cutover",
      "startDate": null,
      "state": "future",
      "storyPointsCommitted": null,
      "storyPointsCompleted": null,
      "storyPointsRemaining": null,
      "todoWorkItems": 0,
      "totalWorkItems": 0,
      "unknownWorkItems": 0,
      "workItems": [],
    },
  ],
  "migrationState": {
    "activeMigrationSprint": null,
    "followingMigrationSprint": {
      "endDate": "2026-10-26T09:00:00.000Z",
      "id": 2,
      "name": "MIG S1 - Discovery",
      "roadmapPosition": 1,
      "startDate": "2026-10-12T09:00:00.000Z",
      "state": "future",
    },
    "nextMigrationSprint": {
      "endDate": "2026-10-26T09:00:00.000Z",
      "id": 2,
      "name": "MIG S1 - Discovery",
      "roadmapPosition": 1,
      "startDate": "2026-10-12T09:00:00.000Z",
      "state": "future",
    },
  },
  "milestones": [
    {
      "blockedWorkItems": 0,
      "completedWorkItems": 2,
      "estimationCoverage": 100,
      "health": {
        "reasons": [
          "All work items are done.",
        ],
        "status": "complete",
      },
      "inProgressWorkItems": 0,
      "inProjectScope": true,
      "key": "SCRUM-1",
      "milestoneLabel": "M1",
      "milestoneNumber": 1,
      "name": "M1 - Discovery, Metadata & Architecture",
      "openP0Risks": 0,
      "openP1Risks": 0,
      "progress": 100,
      "progressMethod": "storyPoints",
      "progressRaw": 100,
      "status": "Done",
      "statusCategory": "done",
      "storyPointsCompleted": 8,
      "storyPointsTotal": 8,
      "title": "Discovery, Metadata & Architecture",
      "todoWorkItems": 0,
      "totalWorkItems": 2,
      "unknownWorkItems": 0,
    },
    {
      "blockedWorkItems": 1,
      "completedWorkItems": 0,
      "estimationCoverage": 67,
      "health": {
        "reasons": [
          "1 open P0 risk.",
          "1 work item is blocked by a P0 risk.",
        ],
        "status": "blocked",
      },
      "inProgressWorkItems": 1,
      "inProjectScope": true,
      "key": "SCRUM-2",
      "milestoneLabel": "M2",
      "milestoneNumber": 2,
      "name": "M2 - Zoho Schema, Modules & Field Mapping",
      "openP0Risks": 1,
      "openP1Risks": 0,
      "progress": 0,
      "progressMethod": "workItems",
      "progressRaw": 0,
      "status": "In Progress",
      "statusCategory": "in_progress",
      "storyPointsCompleted": 0,
      "storyPointsTotal": 13,
      "title": "Zoho Schema, Modules & Field Mapping",
      "todoWorkItems": 2,
      "totalWorkItems": 3,
      "unknownWorkItems": 0,
    },
    {
      "blockedWorkItems": 0,
      "completedWorkItems": 0,
      "estimationCoverage": null,
      "health": {
        "reasons": [],
        "status": "healthy",
      },
      "inProgressWorkItems": 0,
      "inProjectScope": true,
      "key": "SCRUM-3",
      "milestoneLabel": "M3",
      "milestoneNumber": 3,
      "name": "M3 - Data Migration Development & Automation",
      "openP0Risks": 0,
      "openP1Risks": 0,
      "progress": 0,
      "progressMethod": "workItems",
      "progressRaw": 0,
      "status": "To Do",
      "statusCategory": "todo",
      "storyPointsCompleted": null,
      "storyPointsTotal": null,
      "title": "Data Migration Development & Automation",
      "todoWorkItems": 0,
      "totalWorkItems": 0,
      "unknownWorkItems": 0,
    },
  ],
  "project": {
    "id": "10000",
    "key": "SCRUM",
    "name": "Example Team",
  },
  "projectHealth": {
    "reasons": [
      "1 milestone is blocked by open P0 risks.",
    ],
    "status": "blocked",
  },
  "risks": [
    {
      "blocked": false,
      "blocks": [
        {
          "jiraUrl": null,
          "key": "SCRUM-16",
          "milestoneLabel": "M2",
          "summary": "Map Opportunity and Quote fields",
        },
      ],
      "blocksWorkItems": [
        "SCRUM-16",
      ],
      "jiraUrl": null,
      "key": "SCRUM-20",
      "milestoneKey": "SCRUM-2",
      "owner": "Alex Rivera",
      "registerId": "I-01",
      "resolved": false,
      "severity": "P0",
      "status": "In Progress",
      "statusCategory": "in_progress",
      "summary": "I-01 P0 - Tenant Metadata Absent",
      "title": "Tenant Metadata Absent",
      "updatedAt": "2026-10-01T08:40:12.345Z",
    },
    {
      "blocked": false,
      "blocks": [],
      "blocksWorkItems": [],
      "jiraUrl": null,
      "key": "SCRUM-22",
      "milestoneKey": null,
      "owner": null,
      "registerId": "I-08",
      "resolved": false,
      "severity": "P1",
      "status": "To Do",
      "statusCategory": "todo",
      "summary": "I-08 P1 - Rules and Reports Incomplete",
      "title": "Rules and Reports Incomplete",
      "updatedAt": "2026-10-01T08:40:12.345Z",
    },
  ],
  "summary": {
    "blockedWorkItems": {
      "description": "Open work items with an unresolved "is blocked by" link in Jira.",
      "label": "Blocked",
      "source": "issueLinks",
      "value": 1,
    },
    "completedMilestones": {
      "description": "Milestones whose work items are all done with no open P0 risk.",
      "label": "Completed milestones",
      "source": "derived",
      "value": 1,
    },
    "completedSprints": {
      "description": "Migration sprints closed in Jira.",
      "label": "Completed sprints",
      "source": "jira",
      "value": 0,
    },
    "completedWorkItems": {
      "description": "Work items marked done in Jira.",
      "label": "Completed",
      "source": "workItems",
      "value": 3,
    },
    "estimatedWorkItems": {
      "description": "Work items with a story-point estimate in Jira.",
      "label": "Estimated work items",
      "source": "storyPoints",
      "value": 5,
    },
    "inProgressWorkItems": {
      "description": "Work items in progress in Jira.",
      "label": "In progress",
      "source": "workItems",
      "value": 1,
    },
    "overallProgress": {
      "completed": 3,
      "description": "Based on completed work items because story-point coverage is 83%.",
      "estimationCoverage": 83,
      "label": "Overall progress",
      "method": "workItems",
      "raw": 50,
      "source": "workItems",
      "total": 6,
      "value": 50,
    },
    "p0Risks": {
      "description": "Open Jira issues identified as P0.",
      "label": "P0 risks",
      "source": "derived",
      "value": 1,
    },
    "p1Risks": {
      "description": "Open Jira issues identified as P1.",
      "label": "P1 risks",
      "source": "derived",
      "value": 1,
    },
    "resolvedRisks": {
      "description": "P0/P1 risks marked done in Jira.",
      "label": "Resolved risks",
      "source": "derived",
      "value": 0,
    },
    "riskAffectedWorkItems": {
      "description": "Open work items blocked by an open P0/P1 risk.",
      "label": "Affected work items",
      "source": "issueLinks",
      "value": 1,
    },
    "todoWorkItems": {
      "description": "Work items not yet started in Jira.",
      "label": "To do",
      "source": "workItems",
      "value": 2,
    },
    "totalMigrationSprints": {
      "description": "Migration sprints on the Jira board.",
      "label": "Migration sprints",
      "source": "jira",
      "value": 8,
    },
    "totalMilestones": {
      "description": "Milestone epics in Jira.",
      "label": "Milestones",
      "source": "jira",
      "value": 3,
    },
    "totalWorkItems": {
      "description": "Delivery work items in Jira.",
      "label": "Work items",
      "source": "workItems",
      "value": 6,
    },
  },
  "sync": {
    "nextRefreshAt": "2026-10-03T12:01:00.000Z",
    "refreshIntervalSeconds": 60,
    "source": "jira",
    "timestamp": "2026-10-03T12:00:00.000Z",
  },
  "warnings": [
    {
      "code": "STORY_POINTS_INCOMPLETE",
      "level": "info",
      "message": "1 of 6 work items have no story-point estimate (coverage 83%). Progress is based on work items.",
    },
    {
      "code": "ACTIVE_NON_MIGRATION_SPRINT",
      "level": "info",
      "message": "Jira currently reports SCRUM Sprint 0 as the active sprint. MIG S1 - Discovery has not started.",
    },
    {
      "code": "NO_ACTIVE_MIGRATION_SPRINT",
      "level": "info",
      "message": "No migration sprint is currently active in Jira.",
    },
    {
      "code": "MISSING_SPRINT_DATES",
      "level": "info",
      "message": "6 upcoming migration sprints have no scheduled dates in Jira.",
    },
    {
      "code": "VELOCITY_UNAVAILABLE",
      "level": "info",
      "message": "Story-point velocity needs at least one closed migration sprint with fully estimated work.",
    },
  ],
}
`;
